-------------------- Log Start | Tue Sep 15 17:23:13 2026 --------------------
platform: Linux-6.18.33+rpt-rpi-v8-aarch64-with-glibc2.41
data_path: /home/voron/printer_data
is_default_data_path: False
config_file: /home/voron/printer_data/config/moonraker.conf
backup_config: /home/voron/printer_data/config/.moonraker.conf.bkp
startup_warnings: []
verbose: False
debug: False
asyncio_debug: False
is_backup_config: False
is_python_package: True
instance_uuid: 4794843245294fdf9833d6cb57ae8b06
unix_socket_path: /home/voron/printer_data/comms/moonraker.sock
structured_logging: False
software_version: v0.10.0-20-g9008485
git_branch: master
git_remote: origin
git_repo_url: https://github.com/Arksine/moonraker.git
modified_files: []
unofficial_components: []
log_file: /home/voron/printer_data/logs/moonraker.log
python_version: 3.13.5 (main, May  5 2026, 21:05:52) [GCC 14.2.0]
launch_args: /home/voron/moonraker-env/bin/python /home/voron/moonraker/moonraker/__main__.py
msgspec_enabled: True
uvloop_enabled: True

#################### Moonraker Configuration ####################

[server]
host = 0.0.0.0
port = 7125
max_upload_size = 1024
klippy_uds_address = ~/printer_data/comms/klippy.sock

[file_manager]
enable_object_processing = False

[authorization]
cors_domains = 
	https://my.mainsail.xyz
	http://my.mainsail.xyz
	http://*.local
	http://*.lan
trusted_clients = 
	10.0.0.0/8
	127.0.0.0/8
	169.254.0.0/16
	172.16.0.0/12
	192.168.0.0/16
	FE80::/10
	::1/128

[octoprint_compat]

[history]

[announcements]
subscriptions = 
	mainsail

[update_manager]
refresh_interval = 168
enable_auto_refresh = True

[update_manager mainsail]
type = web
channel = stable
repo = mainsail-crew/mainsail
path = ~/mainsail

[update_manager mainsail-config]
type = git_repo
primary_branch = master
path = ~/mainsail-config
origin = https://github.com/mainsail-crew/mainsail-config.git
managed_services = klipper

[update_manager crowsnest]
type = git_repo
path = ~/crowsnest
origin = https://github.com/mainsail-crew/crowsnest.git
primary_branch = v5
managed_services = crowsnest
system_dependencies = system-dependencies.json
virtualenv = ~/crowsnest-env
requirements = requirements.txt

[update_manager sonar]
type = git_repo
path = ~/sonar
origin = https://github.com/mainsail-crew/sonar.git
primary_branch = main
managed_services = sonar
system_dependencies = resources/system-dependencies.json

[update_manager KlipperScreen]
install_script = /home/voron/KlipperScreen/scripts/KlipperScreen-install.sh
requirements = /home/voron/KlipperScreen/scripts/KlipperScreen-requirements.txt
env = /home/voron/.KlipperScreen-env/bin/python
managed_services = KlipperScreen
origin = https://github.com/KlipperScreen/KlipperScreen.git
path = /home/voron/KlipperScreen
type = git_repo

[update_manager fluidd]
path = /home/voron/fluidd
repo = fluidd-core/fluidd
channel = stable
type = web
persistent_files = 
	config.json

#################################################################
All Configuration Files:
/home/voron/printer_data/config/moonraker.conf
#################################################################
2026-09-15 19:23:13,107 [confighelper.py:read_file()] - Configuration File '/home/voron/printer_data/config/moonraker.conf' parsed, total size: 2755 B
2026-09-15 19:23:13,107 [server.py:add_log_rollover_item()] - 
#################### Moonraker Configuration ####################

[server]
host = 0.0.0.0
port = 7125
max_upload_size = 1024
klippy_uds_address = ~/printer_data/comms/klippy.sock

[file_manager]
enable_object_processing = False

[authorization]
cors_domains = 
	https://my.mainsail.xyz
	http://my.mainsail.xyz
	http://*.local
	http://*.lan
trusted_clients = 
	10.0.0.0/8
	127.0.0.0/8
	169.254.0.0/16
	172.16.0.0/12
	192.168.0.0/16
	FE80::/10
	::1/128

[octoprint_compat]

[history]

[announcements]
subscriptions = 
	mainsail

[update_manager]
refresh_interval = 168
enable_auto_refresh = True

[update_manager mainsail]
type = web
channel = stable
repo = mainsail-crew/mainsail
path = ~/mainsail

[update_manager mainsail-config]
type = git_repo
primary_branch = master
path = ~/mainsail-config
origin = https://github.com/mainsail-crew/mainsail-config.git
managed_services = klipper

[update_manager crowsnest]
type = git_repo
path = ~/crowsnest
origin = https://github.com/mainsail-crew/crowsnest.git
primary_branch = v5
managed_services = crowsnest
system_dependencies = system-dependencies.json
virtualenv = ~/crowsnest-env
requirements = requirements.txt

[update_manager sonar]
type = git_repo
path = ~/sonar
origin = https://github.com/mainsail-crew/sonar.git
primary_branch = main
managed_services = sonar
system_dependencies = resources/system-dependencies.json

[update_manager KlipperScreen]
install_script = /home/voron/KlipperScreen/scripts/KlipperScreen-install.sh
requirements = /home/voron/KlipperScreen/scripts/KlipperScreen-requirements.txt
env = /home/voron/.KlipperScreen-env/bin/python
managed_services = KlipperScreen
origin = https://github.com/KlipperScreen/KlipperScreen.git
path = /home/voron/KlipperScreen
type = git_repo

[update_manager fluidd]
path = /home/voron/fluidd
repo = fluidd-core/fluidd
channel = stable
type = web
persistent_files = 
	config.json

#################################################################
All Configuration Files:
/home/voron/printer_data/config/moonraker.conf
#################################################################
2026-09-15 19:23:13,253 [server.py:load_component()] - Component (secrets) loaded
2026-09-15 19:23:13,261 [server.py:load_component()] - Component (template) loaded
2026-09-15 19:23:13,267 [server.py:load_component()] - Component (klippy_connection) loaded
2026-09-15 19:23:14,232 [application.py:__init__()] - Detected Tornado Version 6.5.5
2026-09-15 19:23:14,234 [server.py:load_component()] - Component (application) loaded
2026-09-15 19:23:14,265 [server.py:load_component()] - Component (websockets) loaded
2026-09-15 19:23:14,332 [server.py:add_log_rollover_item()] - Loading Sqlite database provider. Sqlite Version: 3.46.1
2026-09-15 19:23:14,338 [server.py:add_log_rollover_item()] - Unsafe Shutdown Count: 30
2026-09-15 19:23:14,341 [server.py:load_component()] - Component (database) loaded
2026-09-15 19:23:14,484 [server.py:load_component()] - Component (dbus_manager) loaded
2026-09-15 19:23:14,509 [file_manager.py:__init__()] - Using File System Observer: inotify
2026-09-15 19:23:14,538 [server.py:load_component()] - Component (file_manager) loaded
2026-09-15 19:23:14,559 [database.py:register_table()] - Found registered table authorized_users
2026-09-15 19:23:14,561 [authorization.py:__init__()] - Authorization Configuration Loaded
Trusted Clients:
10.0.0.0/8
127.0.0.0/8
169.254.0.0/16
172.16.0.0/12
192.168.0.0/16
fe80::/10
::1/128
CORS Domains:
https://my\.mainsail\.xyz
http://my\.mainsail\.xyz
http://.*\.local
http://.*\.lan
2026-09-15 19:23:14,564 [server.py:load_component()] - Component (authorization) loaded
2026-09-15 19:23:14,568 [server.py:load_component()] - Component (klippy_apis) loaded
2026-09-15 19:23:14,762 [server.py:add_log_rollover_item()] - 
System Info:

***python***
  version: (3, 13, 5, 'final', 0)
  version_string: 3.13.5 (main, May  5 2026, 21:05:52) [GCC 14.2.0]

***cpu_info***
  cpu_count: 4
  bits: 64bit
  processor: aarch64
  cpu_desc: 
  serial_number: 100000009aef6573
  hardware_desc: 
  model: Raspberry Pi Compute Module 4 Rev 1.1
  total_memory: 3700896
  memory_units: kB

***sd_info***
  manufacturer_id: 15
  manufacturer: Unknown
  oem_id: 0100
  product_name: AJTD4
  product_revision: 5.2
  serial_number: 0639625f
  manufacturer_date: 10/2134
  capacity: Unknown
  total_bytes: 0

***distribution***
  name: Debian GNU/Linux 13 (trixie)
  id: debian
  version: 13
  version_parts: {'major': '13', 'minor': '', 'build_number': ''}
  like: 
  codename: trixie
  release_info: {'name': 'MainsailOS', 'version_id': '3.0.0', 'codename': 'trixie', 'id': 'mainsailos'}
  kernel_version: 6.18.33+rpt-rpi-v8

***virtualization***
  virt_type: none
  virt_identifier: none

***network***

***canbus***

***Allowed Services***
  klipper_mcu
  webcamd
  MoonCord
  KlipperScreen
  moonraker-telegram-bot
  moonraker-obico
  sonar
  crowsnest
  octoeverywhere
  ratos-configurator
2026-09-15 19:23:14,768 [server.py:load_component()] - Component (shell_command) loaded
2026-09-15 19:23:14,768 [machine.py:__init__()] - Using System Provider: systemd_dbus
2026-09-15 19:23:15,046 [server.py:add_log_rollover_item()] - Found libcamera Python module, version: v0.7.1+rpt20260429
2026-09-15 19:23:15,047 [server.py:load_component()] - Component (machine) loaded
2026-09-15 19:23:15,052 [server.py:load_component()] - Component (data_store) loaded
2026-09-15 19:23:15,055 [proc_stats.py:__init__()] - Detected 'vcgencmd', throttle checking enabled
2026-09-15 19:23:15,056 [proc_stats.py:_get_cpu_thermal_file()] - Monitoring temperature for Raspberry Pi CPU
2026-09-15 19:23:15,057 [server.py:load_component()] - Component (proc_stats) loaded
2026-09-15 19:23:15,059 [server.py:load_component()] - Component (job_state) loaded
2026-09-15 19:23:15,066 [server.py:load_component()] - Component (job_queue) loaded
2026-09-15 19:23:15,072 [database.py:register_table()] - Found registered table job_history
2026-09-15 19:23:15,073 [database.py:register_table()] - Found registered table job_totals
2026-09-15 19:23:15,077 [server.py:load_component()] - Component (history) loaded
2026-09-15 19:23:15,094 [server.py:load_component()] - Component (http_client) loaded
2026-09-15 19:23:15,103 [server.py:load_component()] - Component (announcements) loaded
2026-09-15 19:23:15,109 [server.py:load_component()] - Component (webcam) loaded
2026-09-15 19:23:15,114 [server.py:load_component()] - Component (extensions) loaded
2026-09-15 19:23:15,125 [server.py:load_component()] - Component (octoprint_compat) loaded
2026-09-15 19:23:15,204 [base_deploy.py:log_info()] - Git Repo moonraker: Detected virtualenv: /home/voron/moonraker-env
2026-09-15 19:23:15,207 [base_deploy.py:log_info()] - Git Repo klipper: Detected virtualenv: /home/voron/klippy-env
2026-09-15 19:23:15,214 [base_deploy.py:log_info()] - Git Repo crowsnest: Detected virtualenv: /home/voron/crowsnest-env
2026-09-15 19:23:15,219 [base_deploy.py:log_info()] - Git Repo KlipperScreen: Option 'env' is deprecated, use 'virtualenv' instead.
2026-09-15 19:23:15,221 [base_deploy.py:log_info()] - Git Repo KlipperScreen: Detected virtualenv: /home/voron/.KlipperScreen-env
2026-09-15 19:23:15,223 [base_deploy.py:log_info()] - Web Client fluidd: Configured persistent files: ['config.json']
2026-09-15 19:23:15,228 [server.py:load_component()] - Component (update_manager) loaded
2026-09-15 19:23:15,229 [server.py:_initialize_component()] - Performing Component Post Init: [database]
2026-09-15 19:23:15,238 [server.py:_initialize_component()] - Performing Component Post Init: [dbus_manager]
2026-09-15 19:23:15,429 [server.py:_initialize_component()] - Performing Component Post Init: [authorization]
2026-09-15 19:23:15,431 [server.py:_initialize_component()] - Performing Component Post Init: [machine]
2026-09-15 19:23:15,433 [machine.py:validation_init()] - Installation version in database up to date
2026-09-15 19:23:15,672 [machine.py:check_virt_status()] - No Virtualization Detected
2026-09-15 19:23:15,691 [machine.py:_find_public_ip()] - Detected Local IP: 192.168.178.148
2026-09-15 19:23:15,693 [webcam.py:_set_default_host_ip()] - Default public webcam address set: http://192.168.178.148
2026-09-15 19:23:15,744 [server.py:add_log_rollover_item()] - 
Systemd unit moonraker.service:
unit_name: moonraker.service
is_default: True
manager: systemd
Properties:
**Requires=['system.slice', 'network-online.target', 'sysinit.target']
**After=['basic.target', 'system.slice', 'systemd-journald.socket', 'sysinit.target', 'network-online.target']
**SupplementaryGroups=['moonraker-admin']
**EnvironmentFiles=/home/voron/printer_data/systemd/moonraker.env
**ExecStart=/home/voron/moonraker-env/bin/python $MOONRAKER_ARGS
**WorkingDirectory=
**FragmentPath=/etc/systemd/system/moonraker.service
**Description=API Server for Klipper SV1
**User=voron
2026-09-15 19:23:15,745 [server.py:_initialize_component()] - Performing Component Post Init: [proc_stats]
2026-09-15 19:23:15,745 [server.py:_initialize_component()] - Performing Component Post Init: [history]
2026-09-15 19:23:15,756 [server.py:_initialize_component()] - Performing Component Post Init: [announcements]
2026-09-15 19:23:15,774 [server.py:_initialize_component()] - Performing Component Post Init: [webcam]
2026-09-15 19:23:15,775 [webcam.py:_set_default_host_ip()] - Default public webcam address set: http://192.168.178.148
2026-09-15 19:23:15,779 [server.py:_initialize_component()] - Performing Component Post Init: [klippy_connection]
2026-09-15 19:23:15,780 [server.py:add_log_rollover_item()] - 
Systemd unit klipper.service:
unit_name: klipper.service
is_default: True
manager: systemd
Properties:
**Requires=['system.slice', 'sysinit.target', '-.mount']
**After=['-.mount', 'system.slice', 'basic.target', 'network-online.target', 'systemd-journald.socket', 'sysinit.target']
**SupplementaryGroups=[]
**EnvironmentFiles=/home/voron/printer_data/systemd/klipper.env
**ExecStart=/home/voron/klippy-env/bin/python $KLIPPER_ARGS
**WorkingDirectory=/home/voron/klipper
**FragmentPath=/etc/systemd/system/klipper.service
**Description=Klipper 3D Printer Firmware SV1
**User=voron
2026-09-15 19:23:15,780 [server.py:_initialize_component()] - Performing Component Post Init: [update_manager]
2026-09-15 19:23:16,064 [base_deploy.py:log_info()] - PackageDeploy: PackageKit Provider Configured
2026-09-15 19:23:16,067 [base_deploy.py:log_info()] - Git Repo moonraker: Pip Version: 25.2, Python Version: 3.13
Last checked on 2026-05-16 22:52:42.790945+00:00
2026-09-15 19:23:16,070 [git_deploy.py:log_repo_info()] - Git Repo moonraker Detected:
Owner: Arksine
Repository Name: moonraker
Path: /home/voron/moonraker
Remote: origin
Branch: master
Remote URL: https://github.com/Arksine/moonraker.git
Recovery URL: https://github.com/Arksine/moonraker.git
Current Commit SHA: 9008485843740c93e0154ccbdac1fc2b02b03aaa
Upstream Commit SHA: 1cfb0c41e468645951a371621f06d32777b6107c
Current Version: v0.10.0-20-g90084858
Upstream Version: v0.11.0-1-g1cfb0c41
Rollback Commit: 1ed102edfb34906115bfeb02712d4c839b93a7a9
Rollback Branch: master
Rollback Version: v0.10.0-19-g1ed102ed
Is Dirty: False
Is Detached: False
Is Shallow: False
Commits Behind Count: 19
Diverged: False
Pinned Commit: None
Repo Warnings:
  Repo has untracked source files: ['moonraker/components/timelapse.py']
2026-09-15 19:23:16,074 [git_deploy.py:log_repo_info()] - Git Repo klipper Detected:
Owner: Klipper3d
Repository Name: klipper
Path: /home/voron/klipper
Remote: origin
Branch: master
Remote URL: https://github.com/Klipper3d/klipper
Recovery URL: https://github.com/Klipper3d/klipper
Current Commit SHA: 2fb3d54e2f8086fb310936c9136dbb05dc753ed5
Upstream Commit SHA: 2d7717e3b62ea2fe3401b27f54f8681f80451c69
Current Version: v0.13.0-689-g2fb3d54e
Upstream Version: v0.13.0-756-g2d7717e3
Rollback Commit: 4cc47cf56542944fdaed633acd525f3b7b17c2bc
Rollback Branch: master
Rollback Version: v0.13.0-656-g4cc47cf5
Is Dirty: False
Is Detached: False
Is Shallow: False
Commits Behind Count: 67
Diverged: False
Pinned Commit: None
Repo Warnings:
  Repo has untracked source files: ['klippy/extras/autotune_tmc.py', 'klippy/extras/motor_constants.py']
2026-09-15 19:23:16,079 [base_deploy.py:log_info()] - Web Client mainsail: Detected
Repo: mainsail-crew/mainsail
Channel: stable
Path: /home/voron/mainsail
Local Version: v2.17.0
Remote Version: v2.19.0
Valid: True
Fallback Detected: False
Pre-release: False
Download Url: https://github.com/mainsail-crew/mainsail/releases/download/v2.19.0/mainsail.zip
Download Size: 3137812
Content Type: application/zip
Rollback Version: v2.17.0
Rollback Repo: mainsail-crew/mainsail
2026-09-15 19:23:16,081 [git_deploy.py:log_repo_info()] - Git Repo mainsail-config Detected:
Owner: mainsail-crew
Repository Name: mainsail-config
Path: /home/voron/mainsail-config
Remote: origin
Branch: master
Remote URL: https://github.com/mainsail-crew/mainsail-config.git
Recovery URL: https://github.com/mainsail-crew/mainsail-config.git
Current Commit SHA: ff3869a621db17ce3ef660adbbd3fa321995ac42
Upstream Commit SHA: ff3869a621db17ce3ef660adbbd3fa321995ac42
Current Version: v1.2.1-1-gff3869a6
Upstream Version: v1.2.1-1-gff3869a6
Rollback Commit: ff3869a621db17ce3ef660adbbd3fa321995ac42
Rollback Branch: master
Rollback Version: v1.2.1-1-gff3869a6
Is Dirty: False
Is Detached: False
Is Shallow: False
Commits Behind Count: 0
Diverged: False
Pinned Commit: None
2026-09-15 19:23:16,083 [git_deploy.py:log_repo_info()] - Git Repo crowsnest Detected:
Owner: mainsail-crew
Repository Name: crowsnest
Path: /home/voron/crowsnest
Remote: origin
Branch: v5
Remote URL: https://github.com/mainsail-crew/crowsnest.git
Recovery URL: https://github.com/mainsail-crew/crowsnest.git
Current Commit SHA: 5dee31dcdfd26a7d47e545c78c68866c0ac77eef
Upstream Commit SHA: 436042452f564f3d737e3b980a213f849a8a0562
Current Version: v5.0.7-1-g5dee31dc
Upstream Version: v5.0.11-2-g43604245
Rollback Commit: f606c69fb7abb31f4523d88824e01009d6553477
Rollback Branch: v5
Rollback Version: v5.0.6-0-gf606c69f
Is Dirty: False
Is Detached: False
Is Shallow: False
Commits Behind Count: 19
Diverged: False
Pinned Commit: None
2026-09-15 19:23:16,086 [git_deploy.py:log_repo_info()] - Git Repo sonar Detected:
Owner: mainsail-crew
Repository Name: sonar
Path: /home/voron/sonar
Remote: origin
Branch: main
Remote URL: https://github.com/mainsail-crew/sonar.git
Recovery URL: https://github.com/mainsail-crew/sonar.git
Current Commit SHA: 0d1d7c89bbb97fb5f54c80f7814ef322c24d6e45
Upstream Commit SHA: 0d1d7c89bbb97fb5f54c80f7814ef322c24d6e45
Current Version: v0.2.0-1-g0d1d7c89
Upstream Version: v0.2.0-1-g0d1d7c89
Rollback Commit: 0d1d7c89bbb97fb5f54c80f7814ef322c24d6e45
Rollback Branch: main
Rollback Version: v0.2.0-1-g0d1d7c89
Is Dirty: False
Is Detached: False
Is Shallow: False
Commits Behind Count: 0
Diverged: False
Pinned Commit: None
2026-09-15 19:23:16,090 [git_deploy.py:log_repo_info()] - Git Repo KlipperScreen Detected:
Owner: KlipperScreen
Repository Name: KlipperScreen
Path: /home/voron/KlipperScreen
Remote: origin
Branch: master
Remote URL: https://github.com/KlipperScreen/KlipperScreen.git
Recovery URL: https://github.com/KlipperScreen/KlipperScreen.git
Current Commit SHA: 60ab1c6d6a105ab09919ef63561e5fd80580762a
Upstream Commit SHA: 3791fdf749df20c2a32fc43818749aa9f1754a9f
Current Version: v0.4.7-53-g60ab1c6d
Upstream Version: v0.4.7-183-g3791fdf7
Rollback Commit: 006f240363478d3ab74429cdf2d3e9f436ba06f5
Rollback Branch: master
Rollback Version: v0.4.7-15-g006f2403
Is Dirty: False
Is Detached: False
Is Shallow: False
Commits Behind Count: 130
Diverged: False
Pinned Commit: None
2026-09-15 19:23:16,095 [base_deploy.py:log_info()] - Web Client fluidd: Detected
Repo: fluidd-core/fluidd
Channel: stable
Path: /home/voron/fluidd
Local Version: v1.37.1
Remote Version: 1.37.5
Valid: True
Fallback Detected: False
Pre-release: False
Download Url: https://github.com/fluidd-core/fluidd/releases/download/v1.37.5/fluidd.zip
Download Size: 4357784
Content Type: application/zip
Rollback Version: v1.37.0
Rollback Repo: fluidd-core/fluidd
2026-09-15 19:23:16,096 [base_deploy.py:log_info()] - PackageKit: Next refresh in: 1 Day, 18 Hours, 46 Minutes, 23 Seconds
2026-09-15 19:23:16,096 [base_deploy.py:log_info()] - Git Repo moonraker: Next refresh in: 1 Day, 18 Hours, 46 Minutes, 25 Seconds
2026-09-15 19:23:16,096 [base_deploy.py:log_info()] - Git Repo klipper: Next refresh in: 1 Day, 18 Hours, 46 Minutes, 26 Seconds
2026-09-15 19:23:16,096 [base_deploy.py:log_info()] - Web Client mainsail: Next refresh in: 1 Day, 18 Hours, 46 Minutes, 27 Seconds
2026-09-15 19:23:16,096 [base_deploy.py:log_info()] - Git Repo mainsail-config: Next refresh in: 1 Day, 18 Hours, 46 Minutes, 27 Seconds
2026-09-15 19:23:16,096 [base_deploy.py:log_info()] - Git Repo crowsnest: Next refresh in: 1 Day, 18 Hours, 46 Minutes, 29 Seconds
2026-09-15 19:23:16,096 [base_deploy.py:log_info()] - Git Repo sonar: Next refresh in: 1 Day, 18 Hours, 46 Minutes, 29 Seconds
2026-09-15 19:23:16,096 [base_deploy.py:log_info()] - Git Repo KlipperScreen: Next refresh in: 1 Day, 18 Hours, 46 Minutes, 31 Seconds
2026-09-15 19:23:16,096 [base_deploy.py:log_info()] - Web Client fluidd: Next refresh in: 1 Day, 18 Hours, 46 Minutes, 32 Seconds
2026-09-15 19:23:16,100 [extensions.py:start_unix_server()] - Creating Unix Domain Socket at '/home/voron/printer_data/comms/moonraker.sock'
2026-09-15 19:23:16,101 [server.py:start_server()] - Starting Moonraker on (0.0.0.0, 7125), Hostname: voron
2026-09-15 19:23:16,101 [application.py:listen()] - SSL Certificate/Key not configured, aborting HTTPS Server startup
2026-09-15 19:23:16,352 [klippy_connection.py:_do_connect()] - Klippy Connection Established
2026-09-15 19:23:16,403 [server.py:add_log_rollover_item()] - 
Systemd unit klipper.service:
unit_name: klipper.service
is_default: True
manager: systemd
Properties:
**Requires=['sysinit.target', 'system.slice', '-.mount']
**After=['network-online.target', 'systemd-journald.socket', 'sysinit.target', 'system.slice', '-.mount', 'basic.target']
**SupplementaryGroups=[]
**EnvironmentFiles=/home/voron/printer_data/systemd/klipper.env
**ExecStart=/home/voron/klippy-env/bin/python $KLIPPER_ARGS
**WorkingDirectory=/home/voron/klipper
**FragmentPath=/etc/systemd/system/klipper.service
**Description=Klipper 3D Printer Firmware SV1
**User=voron
2026-09-15 19:23:16,655 [server.py:add_log_rollover_item()] - Klipper Version: v0.13.0-689-g2fb3d54e-dirty
2026-09-15 19:23:16,853 [klippy_connection.py:_on_connection_closed()] - Klippy Connection Removed
2026-09-15 19:23:22,188 [authorization.py:_check_trusted_connection()] - Trusted Connection Detected, IP: 127.0.0.1
2026-09-15 19:23:22,190 [application.py:log_request()] - 101 GET /websocket?token= (127.0.0.1) [_TRUSTED_USER_] 3.16ms
2026-09-15 19:23:22,190 [websockets.py:open()] - Websocket Opened: ID: 548282072240, Proxied: False, User Agent: , Host Name: 127.0.0.1
2026-09-15 19:23:22,223 [websockets.py:_handle_identify()] - Websocket 548282072240 Client Identified - Name: KlipperScreen, Version: v0.4.7-53-g60ab1c6, Type: display
2026-09-15 19:23:27,882 [klippy_connection.py:_do_connect()] - Klippy Connection Established
2026-09-15 19:23:30,750 [klippy_connection.py:_request_initial_subscriptions()] - Webhooks Subscribed
2026-09-15 19:23:30,752 [klippy_connection.py:_request_initial_subscriptions()] - GCode Output Subscribed
2026-09-15 19:23:30,780 [klippy_connection.py:_on_connection_closed()] - Klippy Connection Removed
2026-09-15 19:23:30,781 [job_state.py:_handle_started()] - Error subscribing to print_stats
2026-09-15 19:23:41,808 [klippy_connection.py:_do_connect()] - Klippy Connection Established
2026-09-15 19:23:44,631 [klippy_connection.py:_request_initial_subscriptions()] - Webhooks Subscribed
2026-09-15 19:23:44,632 [klippy_connection.py:_request_initial_subscriptions()] - GCode Output Subscribed
2026-09-15 19:23:44,634 [klippy_connection.py:_check_ready()] - 
Can not update MCU 'mcu' config as it is shutdown
Once the underlying issue is corrected, use the
"FIRMWARE_RESTART" command to reset the firmware, reload the
config, and restart the host software.
Error configuring printer

2026-09-15 19:28:21,117 [authorization.py:_check_trusted_connection()] - Trusted Connection Detected, IP: 192.168.178.38
2026-09-15 19:28:21,118 [application.py:log_request()] - 101 GET /websocket (192.168.178.38) [_TRUSTED_USER_] 2.55ms
2026-09-15 19:28:21,118 [websockets.py:open()] - Websocket Opened: ID: 548069234704, Proxied: True, User Agent: Mozilla/5.0 (Windows NT 10.0; Win64; x64; rv:155.0) Gecko/20100101 Firefox/155.0, Host Name: 192.168.178.148
2026-09-15 19:28:21,149 [websockets.py:_handle_identify()] - Websocket 548069234704 Client Identified - Name: mainsail, Version: 2.17.0, Type: web
